Outer content start

  <!-- KUGIRI-BEGIN: inner -->
  Inner content here
  <!-- KUGIRI-END: inner -->

Outer content end
