# Document with INSERT markers

Header content.

<!-- KUGIRI-INSERT: top-insert -->

<!-- KUGIRI-BEGIN: section1 -->
Section 1 content
<!-- KUGIRI-END: section1 -->

  <!-- KUGIRI-INSERT: indented-insert -->

  <!-- KUGIRI-BEGIN: new-section -->
  New indented content
  <!-- KUGIRI-END: new-section -->

Footer.