# Document with INSERT markers

Header content.

<!-- KUGIRI-INSERT: top-insert -->

<!-- KUGIRI-BEGIN: new-section -->
Content after INSERT
<!-- KUGIRI-END: new-section -->

<!-- KUGIRI-BEGIN: section1 -->
Section 1 content
<!-- KUGIRI-END: section1 -->

  <!-- KUGIRI-INSERT: indented-insert -->

Footer.
