# Nested Markers Test

<!-- KUGIRI-BEGIN: outer -->
Outer content start


Outer content end
<!-- KUGIRI-END: outer -->

End of document.