# Basic Test Document

Some header content.

This is section 1 content.

Middle content.

This is section 2 content.

Footer content.

