<!-- KUGIRI-BEGIN: wrapped-section -->
Content to wrap
<!-- KUGIRI-END: wrapped-section -->
