<!-- KUGIRI-BEGIN: multiline-section -->
Line 1
Line 2
Line 3
<!-- KUGIRI-END: multiline-section -->
